// Jest Snapshot v1, https://goo.gl/fbAQLP

exports[`Modal render correctly 1`] = `
<div>
  <div
    class="Modal"
    data-testid="modal"
  >
    <div
      class="Modal-Overlay"
      data-testid="modal-close"
    />
    <div
      class="Modal-Box"
      style="width: 100px; height: 100px;"
    >
      <div
        class="Modal-Box-Top"
      >
        <div
          class="Modal-Box-Top-Title"
        >
          제목
        </div>
        <svg
          class="Modal-Box-Top-Close"
          data-testid="modal-close"
          fill="currentColor"
          height="1em"
          stroke="currentColor"
          stroke-width="0"
          viewBox="0 0 16 16"
          width="1em"
          xmlns="http://www.w3.org/2000/svg"
        >
          <path
            clip-rule="evenodd"
            d="M7.116 8l-4.558 4.558.884.884L8 8.884l4.558 4.558.884-.884L8.884 8l4.558-4.558-.884-.884L8 7.116 3.442 2.558l-.884.884L7.116 8z"
            fill-rule="evenodd"
          />
        </svg>
      </div>
    </div>
  </div>
</div>
`;
